// Jest Snapshot v1, https://goo.gl/fbAQLP

exports[`click dom test 1`] = `"<clickDom />"`;
